// Jest Snapshot v1, https://goo.gl/fbAQLP

exports[`<ErrorPage> tests Should render correctly 1`] = `
<h1>
  You should not be here...
</h1>
`;
