// Jest Snapshot v1, https://goo.gl/fbAQLP

exports[`<Header /> tests Should render correctly 1`] = `
<styled.div>
  <Styled(Link)
    to="/"
  >
    Home
  </Styled(Link)>
</styled.div>
`;
